// Vitest Snapshot v1, https://vitest.dev/guide/snapshot.html

exports[`members 1`] = `
{
  "StorageProvider": [Function],
  "useLocalStorage": [Function],
  "useSessionStorage": [Function],
}
`;
